Archive member included to satisfy reference by file (symbol)

c:/st/stm32cubeide_1.3.0/stm32cubeide/plugins/com.st.stm32cube.ide.mcu.externaltools.gnu-tools-for-stm32.7-2018-q2-update.win32_1.4.0.202007081208/tools/bin/../lib/gcc/arm-none-eabi/7.3.1/../../../../arm-none-eabi/lib/thumb/v7-m\libc_nano.a(lib_a-errno.o)
                              Core/Src/syscalls.o (__errno)
c:/st/stm32cubeide_1.3.0/stm32cubeide/plugins/com.st.stm32cube.ide.mcu.externaltools.gnu-tools-for-stm32.7-2018-q2-update.win32_1.4.0.202007081208/tools/bin/../lib/gcc/arm-none-eabi/7.3.1/../../../../arm-none-eabi/lib/thumb/v7-m\libc_nano.a(lib_a-exit.o)
                              c:/st/stm32cubeide_1.3.0/stm32cubeide/plugins/com.st.stm32cube.ide.mcu.externaltools.gnu-tools-for-stm32.7-2018-q2-update.win32_1.4.0.202007081208/tools/bin/../lib/gcc/arm-none-eabi/7.3.1/../../../../arm-none-eabi/lib/thumb/v7-m/crt0.o (exit)
c:/st/stm32cubeide_1.3.0/stm32cubeide/plugins/com.st.stm32cube.ide.mcu.externaltools.gnu-tools-for-stm32.7-2018-q2-update.win32_1.4.0.202007081208/tools/bin/../lib/gcc/arm-none-eabi/7.3.1/../../../../arm-none-eabi/lib/thumb/v7-m\libc_nano.a(lib_a-impure.o)
                              c:/st/stm32cubeide_1.3.0/stm32cubeide/plugins/com.st.stm32cube.ide.mcu.externaltools.gnu-tools-for-stm32.7-2018-q2-update.win32_1.4.0.202007081208/tools/bin/../lib/gcc/arm-none-eabi/7.3.1/../../../../arm-none-eabi/lib/thumb/v7-m\libc_nano.a(lib_a-exit.o) (_global_impure_ptr)
c:/st/stm32cubeide_1.3.0/stm32cubeide/plugins/com.st.stm32cube.ide.mcu.externaltools.gnu-tools-for-stm32.7-2018-q2-update.win32_1.4.0.202007081208/tools/bin/../lib/gcc/arm-none-eabi/7.3.1/../../../../arm-none-eabi/lib/thumb/v7-m\libc_nano.a(lib_a-init.o)
                              c:/st/stm32cubeide_1.3.0/stm32cubeide/plugins/com.st.stm32cube.ide.mcu.externaltools.gnu-tools-for-stm32.7-2018-q2-update.win32_1.4.0.202007081208/tools/bin/../lib/gcc/arm-none-eabi/7.3.1/../../../../arm-none-eabi/lib/thumb/v7-m/crt0.o (__libc_init_array)
c:/st/stm32cubeide_1.3.0/stm32cubeide/plugins/com.st.stm32cube.ide.mcu.externaltools.gnu-tools-for-stm32.7-2018-q2-update.win32_1.4.0.202007081208/tools/bin/../lib/gcc/arm-none-eabi/7.3.1/../../../../arm-none-eabi/lib/thumb/v7-m\libc_nano.a(lib_a-memcpy-stub.o)
                              Core/Src/ssd1306.o (memcpy)
c:/st/stm32cubeide_1.3.0/stm32cubeide/plugins/com.st.stm32cube.ide.mcu.externaltools.gnu-tools-for-stm32.7-2018-q2-update.win32_1.4.0.202007081208/tools/bin/../lib/gcc/arm-none-eabi/7.3.1/../../../../arm-none-eabi/lib/thumb/v7-m\libc_nano.a(lib_a-memset.o)
                              c:/st/stm32cubeide_1.3.0/stm32cubeide/plugins/com.st.stm32cube.ide.mcu.externaltools.gnu-tools-for-stm32.7-2018-q2-update.win32_1.4.0.202007081208/tools/bin/../lib/gcc/arm-none-eabi/7.3.1/../../../../arm-none-eabi/lib/thumb/v7-m/crt0.o (memset)
c:/st/stm32cubeide_1.3.0/stm32cubeide/plugins/com.st.stm32cube.ide.mcu.externaltools.gnu-tools-for-stm32.7-2018-q2-update.win32_1.4.0.202007081208/tools/bin/../lib/gcc/arm-none-eabi/7.3.1/../../../../arm-none-eabi/lib/thumb/v7-m\libm.a(lib_a-s_cos.o)
                              Core/Src/ssd1306.o (cos)
c:/st/stm32cubeide_1.3.0/stm32cubeide/plugins/com.st.stm32cube.ide.mcu.externaltools.gnu-tools-for-stm32.7-2018-q2-update.win32_1.4.0.202007081208/tools/bin/../lib/gcc/arm-none-eabi/7.3.1/../../../../arm-none-eabi/lib/thumb/v7-m\libm.a(lib_a-s_sin.o)
                              Core/Src/ssd1306.o (sin)
c:/st/stm32cubeide_1.3.0/stm32cubeide/plugins/com.st.stm32cube.ide.mcu.externaltools.gnu-tools-for-stm32.7-2018-q2-update.win32_1.4.0.202007081208/tools/bin/../lib/gcc/arm-none-eabi/7.3.1/../../../../arm-none-eabi/lib/thumb/v7-m\libm.a(lib_a-e_rem_pio2.o)
                              c:/st/stm32cubeide_1.3.0/stm32cubeide/plugins/com.st.stm32cube.ide.mcu.externaltools.gnu-tools-for-stm32.7-2018-q2-update.win32_1.4.0.202007081208/tools/bin/../lib/gcc/arm-none-eabi/7.3.1/../../../../arm-none-eabi/lib/thumb/v7-m\libm.a(lib_a-s_cos.o) (__ieee754_rem_pio2)
c:/st/stm32cubeide_1.3.0/stm32cubeide/plugins/com.st.stm32cube.ide.mcu.externaltools.gnu-tools-for-stm32.7-2018-q2-update.win32_1.4.0.202007081208/tools/bin/../lib/gcc/arm-none-eabi/7.3.1/../../../../arm-none-eabi/lib/thumb/v7-m\libm.a(lib_a-k_cos.o)
                              c:/st/stm32cubeide_1.3.0/stm32cubeide/plugins/com.st.stm32cube.ide.mcu.externaltools.gnu-tools-for-stm32.7-2018-q2-update.win32_1.4.0.202007081208/tools/bin/../lib/gcc/arm-none-eabi/7.3.1/../../../../arm-none-eabi/lib/thumb/v7-m\libm.a(lib_a-s_cos.o) (__kernel_cos)
c:/st/stm32cubeide_1.3.0/stm32cubeide/plugins/com.st.stm32cube.ide.mcu.externaltools.gnu-tools-for-stm32.7-2018-q2-update.win32_1.4.0.202007081208/tools/bin/../lib/gcc/arm-none-eabi/7.3.1/../../../../arm-none-eabi/lib/thumb/v7-m\libm.a(lib_a-k_rem_pio2.o)
[...]
Memory Configuration

Name             Origin             Length             Attributes
RAM              0x0000000020000000 0x0000000000005000 xrw
FLASH            0x0000000008000000 0x0000000000010000 xr
*default*        0x0000000000000000 0xffffffffffffffff

Linker script and memory map

LOAD c:/st/stm32cubeide_1.3.0/stm32cubeide/plugins/com.st.stm32cube.ide.mcu.externaltools.gnu-tools-for-stm32.7-2018-q2-update.win32_1.4.0.202007081208/tools/bin/../lib/gcc/arm-none-eabi/7.3.1/thumb/v7-m/crti.o
LOAD c:/st/stm32cubeide_1.3.0/stm32cubeide/plugins/com.st.stm32cube.ide.mcu.externaltools.gnu-tools-for-stm32.7-2018-q2-update.win32_1.4.0.202007081208/tools/bin/../lib/gcc/arm-none-eabi/7.3.1/thumb/v7-m/crtbegin.o
LOAD c:/st/stm32cubeide_1.3.0/stm32cubeide/plugins/com.st.stm32cube.ide.mcu.externaltools.gnu-tools-for-stm32.7-2018-q2-update.win32_1.4.0.202007081208/tools/bin/../lib/gcc/arm-none-eabi/7.3.1/../../../../arm-none-eabi/lib/thumb/v7-m/crt0.o
LOAD Core/Src/main.o
LOAD Core/Src/ssd1306.o
LOAD Core/Src/ssd1306_fonts.o
LOAD Core/Src/stm32f1xx_hal_msp.o
LOAD Core/Src/stm32f1xx_it.o
LOAD Core/Src/syscalls.o
LOAD Core/Src/sysmem.o
LOAD Core/Src/system_stm32f1xx.o
LOAD Core/Startup/startup_stm32f103c8tx.o
LOAD Drivers/STM32F1xx_HAL_Driver/Src/stm32f1xx_hal.o
LOAD Drivers/STM32F1xx_HAL_Driver/Src/stm32f1xx_hal_cortex.o
LOAD Drivers/STM32F1xx_HAL_Driver/Src/stm32f1xx_hal_dma.o
LOAD Drivers/STM32F1xx_HAL_Driver/Src/stm32f1xx_hal_exti.o
LOAD Drivers/STM32F1xx_HAL_Driver/Src/stm32f1xx_hal_flash.o
LOAD Drivers/STM32F1xx_HAL_Driver/Src/stm32f1xx_hal_flash_ex.o
LOAD Drivers/STM32F1xx_HAL_Driver/Src/stm32f1xx_hal_gpio.o
LOAD Drivers/STM32F1xx_HAL_Driver/Src/stm32f1xx_hal_gpio_ex.o
LOAD Drivers/STM32F1xx_HAL_Driver/Src/stm32f1xx_hal_i2c.o
LOAD Drivers/STM32F1xx_HAL_Driver/Src/stm32f1xx_hal_pwr.o
LOAD Drivers/STM32F1xx_HAL_Driver/Src/stm32f1xx_hal_rcc.o
LOAD Drivers/STM32F1xx_HAL_Driver/Src/stm32f1xx_hal_rcc_ex.o
LOAD Drivers/STM32F1xx_HAL_Driver/Src/stm32f1xx_hal_tim.o
LOAD Drivers/STM32F1xx_HAL_Driver/Src/stm32f1xx_hal_tim_ex.o
START GROUP
LOAD c:/st/stm32cubeide_1.3.0/stm32cubeide/plugins/com.st.stm32cube.ide.mcu.externaltools.gnu-tools-for-stm32.7-2018-q2-update.win32_1.4.0.202007081208/tools/bin/../lib/gcc/arm-none-eabi/7.3.1/../../../../arm-none-eabi/lib/thumb/v7-m\libc_nano.a
LOAD c:/st/stm32cubeide_1.3.0/stm32cubeide/plugins/com.st.stm32cube.ide.mcu.externaltools.gnu-tools-for-stm32.7-2018-q2-update.win32_1.4.0.202007081208/tools/bin/../lib/gcc/arm-none-eabi/7.3.1/../../../../arm-none-eabi/lib/thumb/v7-m\libm.a
END GROUP
START GROUP
LOAD c:/st/stm32cubeide_1.3.0/stm32cubeide/plugins/com.st.stm32cube.ide.mcu.externaltools.gnu-tools-for-stm32.7-2018-q2-update.win32_1.4.0.202007081208/tools/bin/../lib/gcc/arm-none-eabi/7.3.1/thumb/v7-m\libgcc.a
LOAD c:/st/stm32cubeide_1.3.0/stm32cubeide/plugins/com.st.stm32cube.ide.mcu.externaltools.gnu-tools-for-stm32.7-2018-q2-update.win32_1.4.0.202007081208/tools/bin/../lib/gcc/arm-none-eabi/7.3.1/../../../../arm-none-eabi/lib/thumb/v7-m\libc_nano.a
END GROUP
START GROUP
LOAD c:/st/stm32cubeide_1.3.0/stm32cubeide/plugins/com.st.stm32cube.ide.mcu.externaltools.gnu-tools-for-stm32.7-2018-q2-update.win32_1.4.0.202007081208/tools/bin/../lib/gcc/arm-none-eabi/7.3.1/thumb/v7-m\libgcc.a
LOAD c:/st/stm32cubeide_1.3.0/stm32cubeide/plugins/com.st.stm32cube.ide.mcu.externaltools.gnu-tools-for-stm32.7-2018-q2-update.win32_1.4.0.202007081208/tools/bin/../lib/gcc/arm-none-eabi/7.3.1/../../../../arm-none-eabi/lib/thumb/v7-m\libc_nano.a
LOAD c:/st/stm32cubeide_1.3.0/stm32cubeide/plugins/com.st.stm32cube.ide.mcu.externaltools.gnu-tools-for-stm32.7-2018-q2-update.win32_1.4.0.202007081208/tools/bin/../lib/gcc/arm-none-eabi/7.3.1/../../../../arm-none-eabi/lib/thumb/v7-m\libnosys.a
END GROUP
START GROUP
LOAD c:/st/stm32cubeide_1.3.0/stm32cubeide/plugins/com.st.stm32cube.ide.mcu.externaltools.gnu-tools-for-stm32.7-2018-q2-update.win32_1.4.0.202007081208/tools/bin/../lib/gcc/arm-none-eabi/7.3.1/thumb/v7-m\libgcc.a
LOAD c:/st/stm32cubeide_1.3.0/stm32cubeide/plugins/com.st.stm32cube.ide.mcu.externaltools.gnu-tools-for-stm32.7-2018-q2-update.win32_1.4.0.202007081208/tools/bin/../lib/gcc/arm-none-eabi/7.3.1/../../../../arm-none-eabi/lib/thumb/v7-m\libc_nano.a
LOAD c:/st/stm32cubeide_1.3.0/stm32cubeide/plugins/com.st.stm32cube.ide.mcu.externaltools.gnu-tools-for-stm32.7-2018-q2-update.win32_1.4.0.202007081208/tools/bin/../lib/gcc/arm-none-eabi/7.3.1/../../../../arm-none-eabi/lib/thumb/v7-m\libnosys.a
END GROUP
LOAD c:/st/stm32cubeide_1.3.0/stm32cubeide/plugins/com.st.stm32cube.ide.mcu.externaltools.gnu-tools-for-stm32.7-2018-q2-update.win32_1.4.0.202007081208/tools/bin/../lib/gcc/arm-none-eabi/7.3.1/thumb/v7-m/crtend.o
LOAD c:/st/stm32cubeide_1.3.0/stm32cubeide/plugins/com.st.stm32cube.ide.mcu.externaltools.gnu-tools-for-stm32.7-2018-q2-update.win32_1.4.0.202007081208/tools/bin/../lib/gcc/arm-none-eabi/7.3.1/thumb/v7-m/crtn.o
                0x0000000020005000                _estack = (ORIGIN (RAM) + LENGTH (RAM))
                0x0000000000000200                _Min_Heap_Size = 0x200
                0x0000000000000400                _Min_Stack_Size = 0x400

.isr_vector     0x0000000008000000      0x10c
                0x0000000008000000                . = ALIGN (0x4)
 *(.isr_vector)
 .isr_vector    0x0000000008000000      0x10c Core/Startup/startup_stm32f103c8tx.o
                0x0000000008000000                g_pfnVectors
                0x000000000800010c                . = ALIGN (0x4)

.text           0x000000000800010c     0x1d10
                0x000000000800010c                . = ALIGN (0x4)
 *(.text)
 .text          0x000000000800010c       0x40 c:/st/stm32cubeide_1.3.0/stm32cubeide/plugins/com.st.stm32cube.ide.mcu.externaltools.gnu-tools-for-stm32.7-2018-q2-update.win32_1.4.0.202007081208/tools/bin/../lib/gcc/arm-none-eabi/7.3.1/thumb/v7-m/crtbegin.o
 *(.text*)
 .text.main     0x000000000800014c       0x44 Core/Src/main.o
                0x000000000800014c                main
 .text.SystemClock_Config
                0x0000000008000190       0x8a Core/Src/main.o
                0x0000000008000190                SystemClock_Config
 *fill*         0x000000000800021a        0x2 
 .text.MX_I2C1_Init
                0x000000000800021c       0x5c Core/Src/main.o
 .text.MX_GPIO_Init
                0x0000000008000278       0xb0 Core/Src/main.o
 .text.Error_Handler
                0x0000000008000328        0xc Core/Src/main.o
                0x0000000008000328                Error_Handler
 .text.ssd1306_Reset
                0x0000000008000334        0xc Core/Src/ssd1306.o
                0x0000000008000334                ssd1306_Reset
 .text.ssd1306_WriteCommand
                0x0000000008000340       0x30 Core/Src/ssd1306.o
                0x0000000008000340                ssd1306_WriteCommand
 .text.ssd1306_WriteData
                0x0000000008000370       0x34 Core/Src/ssd1306.o
                0x0000000008000370                ssd1306_WriteData
 .text.ssd1306_Init
                0x00000000080003a4       0xd4 Core/Src/ssd1306.o
                0x00000000080003a4                ssd1306_Init
 .text.ssd1306_Fill
                0x0000000008000478       0x44 Core/Src/ssd1306.o
                0x0000000008000478                ssd1306_Fill
 .text.ssd1306_UpdateScreen
                0x00000000080004bc       0x4c Core/Src/ssd1306.o
                0x00000000080004bc                ssd1306_UpdateScreen
 .text.ssd1306_SetContrast
                0x0000000008000508       0x26 Core/Src/ssd1306.o
                0x0000000008000508                ssd1306_SetContrast
 *fill*         0x000000000800052e        0x2 
 .text.ssd1306_SetDisplayOn
                0x0000000008000530       0x3c Core/Src/ssd1306.o
                0x0000000008000530                ssd1306_SetDisplayOn
 .text.HAL_MspInit
                0x000000000800056c       0x64 Core/Src/stm32f1xx_hal_msp.o
                0x000000000800056c                HAL_MspInit
 .text.HAL_I2C_MspInit
                0x00000000080005d0       0x7c Core/Src/stm32f1xx_hal_msp.o
                0x00000000080005d0                HAL_I2C_MspInit
 .text.NMI_Handler
                0x000000000800064c        0xc Core/Src/stm32f1xx_it.o
                0x000000000800064c                NMI_Handler
 .text.HardFault_Handler
                0x0000000008000658        0x6 Core/Src/stm32f1xx_it.o
                0x0000000008000658                HardFault_Handler
 .text.MemManage_Handler
                0x000000000800065e        0x6 Core/Src/stm32f1xx_it.o
                0x000000000800065e                MemManage_Handler
 .text.BusFault_Handler
                0x0000000008000664        0x6 Core/Src/stm32f1xx_it.o
                0x0000000008000664                BusFault_Handler
 .text.UsageFault_Handler
                0x000000000800066a        0x6 Core/Src/stm32f1xx_it.o
                0x000000000800066a                UsageFault_Handler
 .text.SVC_Handler
                0x0000000008000670        0xc Core/Src/stm32f1xx_it.o
                0x0000000008000670                SVC_Handler
 .text.DebugMon_Handler
                0x000000000800067c        0xc Core/Src/stm32f1xx_it.o
                0x000000000800067c                DebugMon_Handler
 .text.PendSV_Handler
                0x0000000008000688        0xc Core/Src/stm32f1xx_it.o
                0x0000000008000688                PendSV_Handler
 .text.SysTick_Handler
                0x0000000008000694        0xc Core/Src/stm32f1xx_it.o
                0x0000000008000694                SysTick_Handler
 .text.SystemInit
                0x00000000080006a0       0x68 Core/Src/system_stm32f1xx.o
                0x00000000080006a0                SystemInit
 .text.Reset_Handler
                0x0000000008000708       0x48 Core/Startup/startup_stm32f103c8tx.o
                0x0000000008000708                Reset_Handler
 .text.Default_Handler
                0x0000000008000750        0x2 Core/Startup/startup_stm32f103c8tx.o
                0x0000000008000750                RTC_Alarm_IRQHandler
                0x0000000008000750                EXTI2_IRQHandler
                0x0000000008000750                TIM1_CC_IRQHandler
                0x0000000008000750                PVD_IRQHandler
                0x0000000008000750                EXTI3_IRQHandler
                0x0000000008000750                EXTI0_IRQHandler
                0x0000000008000750                I2C2_EV_IRQHandler
                0x0000000008000750                ADC1_2_IRQHandler
                0x0000000008000750                SPI1_IRQHandler
                0x0000000008000750                TAMPER_IRQHandler
                0x0000000008000750                DMA1_Channel4_IRQHandler
                0x0000000008000750                USART3_IRQHandler
                0x0000000008000750                RTC_IRQHandler
                0x0000000008000750                DMA1_Channel7_IRQHandler
                0x0000000008000750                CAN1_RX1_IRQHandler
                0x0000000008000750                TIM4_IRQHandler
                0x0000000008000750                I2C1_EV_IRQHandler
                0x0000000008000750                DMA1_Channel6_IRQHandler
                0x0000000008000750                TIM3_IRQHandler
                0x0000000008000750                RCC_IRQHandler
                0x0000000008000750                TIM1_TRG_COM_IRQHandler
                0x0000000008000750                DMA1_Channel1_IRQHandler
                0x0000000008000750                Default_Handler
                0x0000000008000750                EXTI15_10_IRQHandler
                0x0000000008000750                EXTI9_5_IRQHandler
                0x0000000008000750                SPI2_IRQHandler
                0x0000000008000750                DMA1_Channel5_IRQHandler
                0x0000000008000750                EXTI4_IRQHandler
                0x0000000008000750                USB_LP_CAN1_RX0_IRQHandler
                0x0000000008000750                USB_HP_CAN1_TX_IRQHandler
                0x0000000008000750                DMA1_Channel3_IRQHandler
                0x0000000008000750                TIM1_UP_IRQHandler
                0x0000000008000750                WWDG_IRQHandler
                0x0000000008000750                TIM2_IRQHandler
                0x0000000008000750                TIM1_BRK_IRQHandler
                0x0000000008000750                EXTI1_IRQHandler
                0x0000000008000750                USART2_IRQHandler
                0x0000000008000750                I2C2_ER_IRQHandler
                0x0000000008000750                DMA1_Channel2_IRQHandler
                0x0000000008000750                CAN1_SCE_IRQHandler
                0x0000000008000750                FLASH_IRQHandler
                0x0000000008000750                USART1_IRQHandler
                0x0000000008000750                I2C1_ER_IRQHandler
                0x0000000008000750                USBWakeUp_IRQHandler
 *fill*         0x0000000008000752        0x2 
 .text.HAL_Init
                0x0000000008000754       0x2c Drivers/STM32F1xx_HAL_Driver/Src/stm32f1xx_hal.o
                0x0000000008000754                HAL_Init
 .text.HAL_InitTick
                0x0000000008000780       0x60 Drivers/STM32F1xx_HAL_Driver/Src/stm32f1xx_hal.o
                0x0000000008000780                HAL_InitTick
 .text.HAL_IncTick
                0x00000000080007e0       0x24 Drivers/STM32F1xx_HAL_Driver/Src/stm32f1xx_hal.o
                0x00000000080007e0                HAL_IncTick
 .text.HAL_GetTick
                0x0000000008000804       0x14 Drivers/STM32F1xx_HAL_Driver/Src/stm32f1xx_hal.o
                0x0000000008000804                HAL_GetTick
 .text.HAL_Delay
                0x0000000008000818       0x44 Drivers/STM32F1xx_HAL_Driver/Src/stm32f1xx_hal.o
                0x0000000008000818                HAL_Delay
 .text.__NVIC_SetPriorityGrouping
                0x000000000800085c       0x48 Drivers/STM32F1xx_HAL_Driver/Src/stm32f1xx_hal_cortex.o
 .text.__NVIC_GetPriorityGrouping
                0x00000000080008a4       0x1c Drivers/STM32F1xx_HAL_Driver/Src/stm32f1xx_hal_cortex.o
 .text.__NVIC_SetPriority
                0x00000000080008c0       0x54 Drivers/STM32F1xx_HAL_Driver/Src/stm32f1xx_hal_cortex.o
 .text.NVIC_EncodePriority
                0x0000000008000914       0x64 Drivers/STM32F1xx_HAL_Driver/Src/stm32f1xx_hal_cortex.o
 .text.SysTick_Config
                0x0000000008000978       0x44 Drivers/STM32F1xx_HAL_Driver/Src/stm32f1xx_hal_cortex.o
 .text.HAL_NVIC_SetPriorityGrouping
                0x00000000080009bc       0x16 Drivers/STM32F1xx_HAL_Driver/Src/stm32f1xx_hal_cortex.o
                0x00000000080009bc                HAL_NVIC_SetPriorityGrouping
 .text.HAL_NVIC_SetPriority
                0x00000000080009d2       0x38 Drivers/STM32F1xx_HAL_Driver/Src/stm32f1xx_hal_cortex.o
                0x00000000080009d2                HAL_NVIC_SetPriority
 .text.HAL_SYSTICK_Config
                0x0000000008000a0a       0x18 Drivers/STM32F1xx_HAL_Driver/Src/stm32f1xx_hal_cortex.o
                0x0000000008000a0a                HAL_SYSTICK_Config
 *fill*         0x0000000008000a22        0x2 
 .text.HAL_GPIO_Init
                0x0000000008000a24      0x2b4 Drivers/STM32F1xx_HAL_Driver/Src/stm32f1xx_hal_gpio.o
                0x0000000008000a24                HAL_GPIO_Init
 .text.HAL_GPIO_WritePin
                0x0000000008000cd8       0x30 Drivers/STM32F1xx_HAL_Driver/Src/stm32f1xx_hal_gpio.o
                0x0000000008000cd8                HAL_GPIO_WritePin
 .text.HAL_GPIO_TogglePin
                0x0000000008000d08       0x30 Drivers/STM32F1xx_HAL_Driver/Src/stm32f1xx_hal_gpio.o
                0x0000000008000d08                HAL_GPIO_TogglePin
 .text.HAL_I2C_Init
                0x0000000008000d38      0x250 Drivers/STM32F1xx_HAL_Driver/Src/stm32f1xx_hal_i2c.o
                0x0000000008000d38                HAL_I2C_Init
 .text.HAL_I2C_Mem_Write
                0x0000000008000f88      0x1f4 Drivers/STM32F1xx_HAL_Driver/Src/stm32f1xx_hal_i2c.o
                0x0000000008000f88                HAL_I2C_Mem_Write
 .text.I2C_RequestMemoryWrite
                0x000000000800117c      0x114 Drivers/STM32F1xx_HAL_Driver/Src/stm32f1xx_hal_i2c.o
 .text.I2C_WaitOnFlagUntilTimeout
                0x0000000008001290       0xae Drivers/STM32F1xx_HAL_Driver/Src/stm32f1xx_hal_i2c.o
 .text.I2C_WaitOnMasterAddressFlagUntilTimeout
                0x000000000800133e       0xfe Drivers/STM32F1xx_HAL_Driver/Src/stm32f1xx_hal_i2c.o
 .text.I2C_WaitOnTXEFlagUntilTimeout
                0x000000000800143c       0x82 Drivers/STM32F1xx_HAL_Driver/Src/stm32f1xx_hal_i2c.o
 .text.I2C_WaitOnBTFFlagUntilTimeout
                0x00000000080014be       0x82 Drivers/STM32F1xx_HAL_Driver/Src/stm32f1xx_hal_i2c.o
 .text.I2C_IsAcknowledgeFailed
                0x0000000008001540       0x5c Drivers/STM32F1xx_HAL_Driver/Src/stm32f1xx_hal_i2c.o
 .text.HAL_RCC_OscConfig
                0x000000000800159c      0x500 Drivers/STM32F1xx_HAL_Driver/Src/stm32f1xx_hal_rcc.o
                0x000000000800159c                HAL_RCC_OscConfig
 .text.HAL_RCC_ClockConfig
                0x0000000008001a9c      0x1d4 Drivers/STM32F1xx_HAL_Driver/Src/stm32f1xx_hal_rcc.o
                0x0000000008001a9c                HAL_RCC_ClockConfig
 .text.HAL_RCC_GetSysClockFreq
                0x0000000008001c70       0xc4 Drivers/STM32F1xx_HAL_Driver/Src/stm32f1xx_hal_rcc.o
                0x0000000008001c70                HAL_RCC_GetSysClockFreq
 .text.HAL_RCC_GetHCLKFreq
                0x0000000008001d34       0x14 Drivers/STM32F1xx_HAL_Driver/Src/stm32f1xx_hal_rcc.o
                0x0000000008001d34                HAL_RCC_GetHCLKFreq
 .text.HAL_RCC_GetPCLK1Freq
                0x0000000008001d48       0x28 Drivers/STM32F1xx_HAL_Driver/Src/stm32f1xx_hal_rcc.o
                0x0000000008001d48                HAL_RCC_GetPCLK1Freq
 .text.RCC_Delay
                0x0000000008001d70       0x3c Drivers/STM32F1xx_HAL_Driver/Src/stm32f1xx_hal_rcc.o
 .text.__libc_init_array
                0x0000000008001dac       0x48 c:/st/stm32cubeide_1.3.0/stm32cubeide/plugins/com.st.stm32cube.ide.mcu.externaltools.gnu-tools-for-stm32.7-2018-q2-update.win32_1.4.0.202007081208/tools/bin/../lib/gcc/arm-none-eabi/7.3.1/../../../../arm-none-eabi/lib/thumb/v7-m\libc_nano.a(lib_a-init.o)
                0x0000000008001dac                __libc_init_array
 .text.memset   0x0000000008001df4       0x10 c:/st/stm32cubeide_1.3.0/stm32cubeide/plugins/com.st.stm32cube.ide.mcu.externaltools.gnu-tools-for-stm32.7-2018-q2-update.win32_1.4.0.202007081208/tools/bin/../lib/gcc/arm-none-eabi/7.3.1/../../../../arm-none-eabi/lib/thumb/v7-m\libc_nano.a(lib_a-memset.o)
                0x0000000008001df4                memset
 *(.glue_7)
 .glue_7        0x0000000008001e04        0x0 linker stubs
 *(.glue_7t)
 .glue_7t       0x0000000008001e04        0x0 linker stubs
 *(.eh_frame)
 .eh_frame      0x0000000008001e04        0x0 c:/st/stm32cubeide_1.3.0/stm32cubeide/plugins/com.st.stm32cube.ide.mcu.externaltools.gnu-tools-for-stm32.7-2018-q2-update.win32_1.4.0.202007081208/tools/bin/../lib/gcc/arm-none-eabi/7.3.1/thumb/v7-m/crtbegin.o
 *(.init)
 .init          0x0000000008001e04        0x4 c:/st/stm32cubeide_1.3.0/stm32cubeide/plugins/com.st.stm32cube.ide.mcu.externaltools.gnu-tools-for-stm32.7-2018-q2-update.win32_1.4.0.202007081208/tools/bin/../lib/gcc/arm-none-eabi/7.3.1/thumb/v7-m/crti.o
                0x0000000008001e04                _init
 .init          0x0000000008001e08        0x8 c:/st/stm32cubeide_1.3.0/stm32cubeide/plugins/com.st.stm32cube.ide.mcu.externaltools.gnu-tools-for-stm32.7-2018-q2-update.win32_1.4.0.202007081208/tools/bin/../lib/gcc/arm-none-eabi/7.3.1/thumb/v7-m/crtn.o
 *(.fini)
 .fini          0x0000000008001e10        0x4 c:/st/stm32cubeide_1.3.0/stm32cubeide/plugins/com.st.stm32cube.ide.mcu.externaltools.gnu-tools-for-stm32.7-2018-q2-update.win32_1.4.0.202007081208/tools/bin/../lib/gcc/arm-none-eabi/7.3.1/thumb/v7-m/crti.o
                0x0000000008001e10                _fini
 .fini          0x0000000008001e14        0x8 c:/st/stm32cubeide_1.3.0/stm32cubeide/plugins/com.st.stm32cube.ide.mcu.externaltools.gnu-tools-for-stm32.7-2018-q2-update.win32_1.4.0.202007081208/tools/bin/../lib/gcc/arm-none-eabi/7.3.1/thumb/v7-m/crtn.o
                0x0000000008001e1c                . = ALIGN (0x4)
                0x0000000008001e1c                _etext = .

.vfp11_veneer   0x0000000008001e1c        0x0
 .vfp11_veneer  0x0000000008001e1c        0x0 linker stubs

.v4_bx          0x0000000008001e1c        0x0
 .v4_bx         0x0000000008001e1c        0x0 linker stubs

.iplt           0x0000000008001e1c        0x0
 .iplt          0x0000000008001e1c        0x0 c:/st/stm32cubeide_1.3.0/stm32cubeide/plugins/com.st.stm32cube.ide.mcu.externaltools.gnu-tools-for-stm32.7-2018-q2-update.win32_1.4.0.202007081208/tools/bin/../lib/gcc/arm-none-eabi/7.3.1/thumb/v7-m/crtbegin.o

.rodata         0x0000000008001e1c       0x2c
                0x0000000008001e1c                . = ALIGN (0x4)
 *(.rodata)
 .rodata        0x0000000008001e1c       0x12 Drivers/STM32F1xx_HAL_Driver/Src/stm32f1xx_hal_rcc.o
 *(.rodata*)
 *fill*         0x0000000008001e2e        0x2 
 .rodata.AHBPrescTable
                0x0000000008001e30       0x10 Core/Src/system_stm32f1xx.o
                0x0000000008001e30                AHBPrescTable
 .rodata.APBPrescTable
                0x0000000008001e40        0x8 Core/Src/system_stm32f1xx.o
                0x0000000008001e40                APBPrescTable
                0x0000000008001e48                . = ALIGN (0x4)

.rel.dyn        0x0000000008001e48        0x0
 .rel.iplt      0x0000000008001e48        0x0 c:/st/stm32cubeide_1.3.0/stm32cubeide/plugins/com.st.stm32cube.ide.mcu.externaltools.gnu-tools-for-stm32.7-2018-q2-update.win32_1.4.0.202007081208/tools/bin/../lib/gcc/arm-none-eabi/7.3.1/thumb/v7-m/crtbegin.o

.ARM.extab      0x0000000008001e48        0x0
                0x0000000008001e48                . = ALIGN (0x4)
 *(.ARM.extab* .gnu.linkonce.armextab.*)
                0x0000000008001e48                . = ALIGN (0x4)

.ARM            0x0000000008001e48        0x0
                0x0000000008001e48                . = ALIGN (0x4)
                0x0000000008001e48                __exidx_start = .
 *(.ARM.exidx*)
                0x0000000008001e48                __exidx_end = .
                0x0000000008001e48                . = ALIGN (0x4)

.preinit_array  0x0000000008001e48        0x0
                0x0000000008001e48                . = ALIGN (0x4)
                0x0000000008001e48                PROVIDE (__preinit_array_start = .)
 *(.preinit_array*)
                0x0000000008001e48                PROVIDE (__preinit_array_end = .)
                0x0000000008001e48                . = ALIGN (0x4)

.init_array     0x0000000008001e48        0x4
                0x0000000008001e48                . = ALIGN (0x4)
                0x0000000008001e48                PROVIDE (__init_array_start = .)
 *(SORT_BY_NAME(.init_array.*))
 *(.init_array*)
 .init_array    0x0000000008001e48        0x4 c:/st/stm32cubeide_1.3.0/stm32cubeide/plugins/com.st.stm32cube.ide.mcu.externaltools.gnu-tools-for-stm32.7-2018-q2-update.win32_1.4.0.202007081208/tools/bin/../lib/gcc/arm-none-eabi/7.3.1/thumb/v7-m/crtbegin.o
                0x0000000008001e4c                PROVIDE (__init_array_end = .)
                0x0000000008001e4c                . = ALIGN (0x4)

.fini_array     0x0000000008001e4c        0x4
                0x0000000008001e4c                . = ALIGN (0x4)
                [!provide]                        PROVIDE (__fini_array_start = .)
 *(SORT_BY_NAME(.fini_array.*))
 *(.fini_array*)
 .fini_array    0x0000000008001e4c        0x4 c:/st/stm32cubeide_1.3.0/stm32cubeide/plugins/com.st.stm32cube.ide.mcu.externaltools.gnu-tools-for-stm32.7-2018-q2-update.win32_1.4.0.202007081208/tools/bin/../lib/gcc/arm-none-eabi/7.3.1/thumb/v7-m/crtbegin.o
                [!provide]                        PROVIDE (__fini_array_end = .)
                0x0000000008001e50                . = ALIGN (0x4)
                0x0000000008001e50                _sidata = LOADADDR (.data)

.data           0x0000000020000000        0xc load address 0x0000000008001e50
                0x0000000020000000                . = ALIGN (0x4)
                0x0000000020000000                _sdata = .
 *(.data)
 *(.data*)
 .data.SystemCoreClock
                0x0000000020000000        0x4 Core/Src/system_stm32f1xx.o
                0x0000000020000000                SystemCoreClock
 .data.uwTickPrio
                0x0000000020000004        0x4 Drivers/STM32F1xx_HAL_Driver/Src/stm32f1xx_hal.o
                0x0000000020000004                uwTickPrio
 .data.uwTickFreq
                0x0000000020000008        0x1 Drivers/STM32F1xx_HAL_Driver/Src/stm32f1xx_hal.o
                0x0000000020000008                uwTickFreq
                0x000000002000000c                . = ALIGN (0x4)
 *fill*         0x0000000020000009        0x3 
                0x000000002000000c                _edata = .

.igot.plt       0x000000002000000c        0x0 load address 0x0000000008001e5c
 .igot.plt      0x000000002000000c        0x0 c:/st/stm32cubeide_1.3.0/stm32cubeide/plugins/com.st.stm32cube.ide.mcu.externaltools.gnu-tools-for-stm32.7-2018-q2-update.win32_1.4.0.202007081208/tools/bin/../lib/gcc/arm-none-eabi/7.3.1/thumb/v7-m/crtbegin.o
                0x000000002000000c                . = ALIGN (0x4)

.bss            0x000000002000000c      0x27c load address 0x0000000008001e5c
                0x000000002000000c                _sbss = .
                0x000000002000000c                __bss_start__ = _sbss
 *(.bss)
 .bss           0x000000002000000c       0x1c c:/st/stm32cubeide_1.3.0/stm32cubeide/plugins/com.st.stm32cube.ide.mcu.externaltools.gnu-tools-for-stm32.7-2018-q2-update.win32_1.4.0.202007081208/tools/bin/../lib/gcc/arm-none-eabi/7.3.1/thumb/v7-m/crtbegin.o
 *(.bss*)
 .bss.SSD1306_Buffer
                0x0000000020000028      0x200 Core/Src/ssd1306.o
 .bss.SSD1306   0x0000000020000228        0x8 Core/Src/ssd1306.o
 *(COMMON)
 COMMON         0x0000000020000230       0x54 Core/Src/main.o
                0x0000000020000230                hi2c1
 COMMON         0x0000000020000284        0x4 Drivers/STM32F1xx_HAL_Driver/Src/stm32f1xx_hal.o
                0x0000000020000284                uwTick
                0x0000000020000288                . = ALIGN (0x4)
                0x0000000020000288                _ebss = .
                0x0000000020000288                __bss_end__ = _ebss

._user_heap_stack
                0x0000000020000288      0x600 load address 0x0000000008001e5c
                0x0000000020000288                . = ALIGN (0x8)
                [!provide]                        PROVIDE (end = .)
                0x0000000020000288                PROVIDE (_end = .)
                0x0000000020000488                . = (. + _Min_Heap_Size)
 *fill*         0x0000000020000288      0x200 
                0x0000000020000888                . = (. + _Min_Stack_Size)
 *fill*         0x0000000020000488      0x400 
                0x0000000020000888                . = ALIGN (0x8)

/DISCARD/
 libc.a(*)
 libm.a(*)
 libgcc.a(*)

.ARM.attributes
                0x0000000000000000       0x29
 *(.ARM.attributes)
 .ARM.attributes
                0x0000000000000000       0x1d c:/st/stm32cubeide_1.3.0/stm32cubeide/plugins/com.st.stm32cube.ide.mcu.externaltools.gnu-tools-for-stm32.7-2018-q2-update.win32_1.4.0.202007081208/tools/bin/../lib/gcc/arm-none-eabi/7.3.1/thumb/v7-m/crti.o
 .ARM.attributes
                0x000000000000001d       0x2d c:/st/stm32cubeide_1.3.0/stm32cubeide/plugins/com.st.stm32cube.ide.mcu.externaltools.gnu-tools-for-stm32.7-2018-q2-update.win32_1.4.0.202007081208/tools/bin/../lib/gcc/arm-none-eabi/7.3.1/thumb/v7-m/crtbegin.o
 .ARM.attributes
                0x000000000000004a       0x33 Core/Src/main.o
 .ARM.attributes
                0x000000000000007d       0x33 Core/Src/ssd1306.o
 .ARM.attributes
                0x00000000000000b0       0x33 Core/Src/stm32f1xx_hal_msp.o
 .ARM.attributes
                0x00000000000000e3       0x33 Core/Src/stm32f1xx_it.o
 .ARM.attributes
                0x0000000000000116       0x33 Core/Src/system_stm32f1xx.o
 .ARM.attributes
                0x0000000000000149       0x21 Core/Startup/startup_stm32f103c8tx.o
 .ARM.attributes
                0x000000000000016a       0x33 Drivers/STM32F1xx_HAL_Driver/Src/stm32f1xx_hal.o
 .ARM.attributes
                0x000000000000019d       0x33 Drivers/STM32F1xx_HAL_Driver/Src/stm32f1xx_hal_cortex.o
 .ARM.attributes
                0x00000000000001d0       0x33 Drivers/STM32F1xx_HAL_Driver/Src/stm32f1xx_hal_gpio.o
 .ARM.attributes
                0x0000000000000203       0x33 Drivers/STM32F1xx_HAL_Driver/Src/stm32f1xx_hal_i2c.o
 .ARM.attributes
                0x0000000000000236       0x33 Drivers/STM32F1xx_HAL_Driver/Src/stm32f1xx_hal_rcc.o
 .ARM.attributes
                0x0000000000000269       0x2d c:/st/stm32cubeide_1.3.0/stm32cubeide/plugins/com.st.stm32cube.ide.mcu.externaltools.gnu-tools-for-stm32.7-2018-q2-update.win32_1.4.0.202007081208/tools/bin/../lib/gcc/arm-none-eabi/7.3.1/../../../../arm-none-eabi/lib/thumb/v7-m\libc_nano.a(lib_a-init.o)
 .ARM.attributes
                0x0000000000000296       0x2d c:/st/stm32cubeide_1.3.0/stm32cubeide/plugins/com.st.stm32cube.ide.mcu.externaltools.gnu-tools-for-stm32.7-2018-q2-update.win32_1.4.0.202007081208/tools/bin/../lib/gcc/arm-none-eabi/7.3.1/../../../../arm-none-eabi/lib/thumb/v7-m\libc_nano.a(lib_a-memset.o)
 .ARM.attributes
                0x00000000000002c3       0x1d c:/st/stm32cubeide_1.3.0/stm32cubeide/plugins/com.st.stm32cube.ide.mcu.externaltools.gnu-tools-for-stm32.7-2018-q2-update.win32_1.4.0.202007081208/tools/bin/../lib/gcc/arm-none-eabi/7.3.1/thumb/v7-m/crtn.o
OUTPUT(OLED1.elf elf32-littlearm)

.debug_info     0x0000000000000000     0x7464
 .debug_info    0x0000000000000000      0xa35 Core/Src/main.o
 .debug_info    0x0000000000000a35     0x1606 Core/Src/ssd1306.o
 .debug_info    0x000000000000203b      0x8ba Core/Src/stm32f1xx_hal_msp.o
 .debug_info    0x00000000000028f5      0x1fa Core/Src/stm32f1xx_it.o
 .debug_info    0x0000000000002aef      0x433 Core/Src/system_stm32f1xx.o
 .debug_info    0x0000000000002f22       0x22 Core/Startup/startup_stm32f103c8tx.o
 .debug_info    0x0000000000002f44      0x6fe Drivers/STM32F1xx_HAL_Driver/Src/stm32f1xx_hal.o
 .debug_info    0x0000000000003642      0xb46 Drivers/STM32F1xx_HAL_Driver/Src/stm32f1xx_hal_cortex.o
 .debug_info    0x0000000000004188      0x681 Drivers/STM32F1xx_HAL_Driver/Src/stm32f1xx_hal_gpio.o
 .debug_info    0x0000000000004809     0x2457 Drivers/STM32F1xx_HAL_Driver/Src/stm32f1xx_hal_i2c.o
 .debug_info    0x0000000000006c60      0x804 Drivers/STM32F1xx_HAL_Driver/Src/stm32f1xx_hal_rcc.o

.debug_abbrev   0x0000000000000000     0x13be
 .debug_abbrev  0x0000000000000000      0x1d2 Core/Src/main.o
 .debug_abbrev  0x00000000000001d2      0x34c Core/Src/ssd1306.o
 .debug_abbrev  0x000000000000051e      0x18c Core/Src/stm32f1xx_hal_msp.o
 .debug_abbrev  0x00000000000006aa       0xc6 Core/Src/stm32f1xx_it.o
 .debug_abbrev  0x0000000000000770      0x134 Core/Src/system_stm32f1xx.o
 .debug_abbrev  0x00000000000008a4       0x12 Core/Startup/startup_stm32f103c8tx.o
 .debug_abbrev  0x00000000000008b6      0x1d8 Drivers/STM32F1xx_HAL_Driver/Src/stm32f1xx_hal.o
 .debug_abbrev  0x0000000000000a8e      0x2d5 Drivers/STM32F1xx_HAL_Driver/Src/stm32f1xx_hal_cortex.o
 .debug_abbrev  0x0000000000000d63      0x1c0 Drivers/STM32F1xx_HAL_Driver/Src/stm32f1xx_hal_gpio.o
 .debug_abbrev  0x0000000000000f23      0x258 Drivers/STM32F1xx_HAL_Driver/Src/stm32f1xx_hal_i2c.o
 .debug_abbrev  0x000000000000117b      0x243 Drivers/STM32F1xx_HAL_Driver/Src/stm32f1xx_hal_rcc.o

.debug_aranges  0x0000000000000000      0x738
 .debug_aranges
                0x0000000000000000       0x40 Core/Src/main.o
 .debug_aranges
                0x0000000000000040       0xc0 Core/Src/ssd1306.o
 .debug_aranges
                0x0000000000000100       0x30 Core/Src/stm32f1xx_hal_msp.o
 .debug_aranges
                0x0000000000000130       0x60 Core/Src/stm32f1xx_it.o
 .debug_aranges
                0x0000000000000190       0x28 Core/Src/system_stm32f1xx.o
 .debug_aranges
                0x00000000000001b8       0x28 Core/Startup/startup_stm32f103c8tx.o
 .debug_aranges
                0x00000000000001e0       0xe0 Drivers/STM32F1xx_HAL_Driver/Src/stm32f1xx_hal.o
 .debug_aranges
                0x00000000000002c0      0x100 Drivers/STM32F1xx_HAL_Driver/Src/stm32f1xx_hal_cortex.o
 .debug_aranges
                0x00000000000003c0       0x58 Drivers/STM32F1xx_HAL_Driver/Src/stm32f1xx_hal_gpio.o
 .debug_aranges
                0x0000000000000418      0x290 Drivers/STM32F1xx_HAL_Driver/Src/stm32f1xx_hal_i2c.o
 .debug_aranges
                0x00000000000006a8       0x90 Drivers/STM32F1xx_HAL_Driver/Src/stm32f1xx_hal_rcc.o

.debug_ranges   0x0000000000000000      0x6b0
 .debug_ranges  0x0000000000000000       0x30 Core/Src/main.o
 .debug_ranges  0x0000000000000030       0xb0 Core/Src/ssd1306.o
 .debug_ranges  0x00000000000000e0       0x20 Core/Src/stm32f1xx_hal_msp.o
 .debug_ranges  0x0000000000000100       0x50 Core/Src/stm32f1xx_it.o
 .debug_ranges  0x0000000000000150       0x18 Core/Src/system_stm32f1xx.o
 .debug_ranges  0x0000000000000168       0x20 Core/Startup/startup_stm32f103c8tx.o
 .debug_ranges  0x0000000000000188       0xd0 Drivers/STM32F1xx_HAL_Driver/Src/stm32f1xx_hal.o
 .debug_ranges  0x0000000000000258       0xf0 Drivers/STM32F1xx_HAL_Driver/Src/stm32f1xx_hal_cortex.o
 .debug_ranges  0x0000000000000348       0x48 Drivers/STM32F1xx_HAL_Driver/Src/stm32f1xx_hal_gpio.o
 .debug_ranges  0x0000000000000390      0x2a0 Drivers/STM32F1xx_HAL_Driver/Src/stm32f1xx_hal_i2c.o
 .debug_ranges  0x0000000000000630       0x80 Drivers/STM32F1xx_HAL_Driver/Src/stm32f1xx_hal_rcc.o

.debug_macro    0x0000000000000000    0x13664
 .debug_macro   0x0000000000000000      0x1ed Core/Src/main.o
 .debug_macro   0x00000000000001ed      0xa5a Core/Src/main.o
 .debug_macro   0x0000000000000c47      0x215 Core/Src/main.o
 .debug_macro   0x0000000000000e5c       0x2e Core/Src/main.o
 .debug_macro   0x0000000000000e8a       0x22 Core/Src/main.o
 .debug_macro   0x0000000000000eac       0x22 Core/Src/main.o
 .debug_macro   0x0000000000000ece       0x8e Core/Src/main.o
 .debug_macro   0x0000000000000f5c       0x51 Core/Src/main.o
 .debug_macro   0x0000000000000fad       0xef Core/Src/main.o
 .debug_macro   0x000000000000109c       0x6a Core/Src/main.o
 .debug_macro   0x0000000000001106      0x1df Core/Src/main.o
 .debug_macro   0x00000000000012e5       0x1c Core/Src/main.o
 .debug_macro   0x0000000000001301       0x22 Core/Src/main.o
 .debug_macro   0x0000000000001323       0xc3 Core/Src/main.o
 .debug_macro   0x00000000000013e6      0xd23 Core/Src/main.o
 .debug_macro   0x0000000000002109     0xe09e Core/Src/main.o
 .debug_macro   0x00000000000101a7       0x43 Core/Src/main.o
 .debug_macro   0x00000000000101ea      0x174 Core/Src/main.o
 .debug_macro   0x000000000001035e       0x5a Core/Src/main.o
 .debug_macro   0x00000000000103b8      0x5be Core/Src/main.o
 .debug_macro   0x0000000000010976      0x289 Core/Src/main.o
 .debug_macro   0x0000000000010bff      0x1cb Core/Src/main.o
 .debug_macro   0x0000000000010dca      0x114 Core/Src/main.o
 .debug_macro   0x0000000000010ede      0x1b2 Core/Src/main.o
 .debug_macro   0x0000000000011090       0x27 Core/Src/main.o
 .debug_macro   0x00000000000110b7      0x136 Core/Src/main.o
 .debug_macro   0x00000000000111ed      0x1bc Core/Src/main.o
 .debug_macro   0x00000000000113a9       0x34 Core/Src/main.o
 .debug_macro   0x00000000000113dd       0x3c Core/Src/main.o
 .debug_macro   0x0000000000011419       0x57 Core/Src/main.o
 .debug_macro   0x0000000000011470       0x88 Core/Src/main.o
 .debug_macro   0x00000000000114f8      0x241 Core/Src/main.o
 .debug_macro   0x0000000000011739      0x280 Core/Src/main.o
 .debug_macro   0x00000000000119b9      0x141 Core/Src/main.o
 .debug_macro   0x0000000000011afa       0x83 Core/Src/main.o
 .debug_macro   0x0000000000011b7d       0x10 Core/Src/main.o
 .debug_macro   0x0000000000011b8d       0x16 Core/Src/main.o
 .debug_macro   0x0000000000011ba3       0x46 Core/Src/main.o
 .debug_macro   0x0000000000011be9       0x18 Core/Src/main.o
 .debug_macro   0x0000000000011c01       0x3c Core/Src/main.o
 .debug_macro   0x0000000000011c3d       0x34 Core/Src/main.o
 .debug_macro   0x0000000000011c71       0x3a Core/Src/main.o
 .debug_macro   0x0000000000011cab       0x40 Core/Src/main.o
 .debug_macro   0x0000000000011ceb      0x2ad Core/Src/ssd1306.o
 .debug_macro   0x0000000000011f98       0x40 Core/Src/ssd1306.o
 .debug_macro   0x0000000000011fd8       0x94 Core/Src/ssd1306.o
 .debug_macro   0x000000000001206c       0x28 Core/Src/ssd1306.o
 .debug_macro   0x0000000000012094       0x57 Core/Src/ssd1306.o
 .debug_macro   0x00000000000120eb       0x52 Core/Src/ssd1306.o
 .debug_macro   0x000000000001213d       0x1f Core/Src/ssd1306.o
 .debug_macro   0x000000000001215c       0x43 Core/Src/ssd1306.o
 .debug_macro   0x000000000001219f       0x20 Core/Src/ssd1306.o
 .debug_macro   0x00000000000121bf      0x1a3 Core/Src/ssd1306.o
 .debug_macro   0x0000000000012362      0x32a Core/Src/ssd1306.o
 .debug_macro   0x000000000001268c      0x1e1 Core/Src/ssd1306.o
 .debug_macro   0x000000000001286d       0x16 Core/Src/ssd1306.o
 .debug_macro   0x0000000000012883       0x35 Core/Src/ssd1306.o
 .debug_macro   0x00000000000128b8       0x16 Core/Src/ssd1306.o
 .debug_macro   0x00000000000128ce       0x29 Core/Src/ssd1306.o
 .debug_macro   0x00000000000128f7       0x16 Core/Src/ssd1306.o
 .debug_macro   0x000000000001290d       0x20 Core/Src/ssd1306.o
 .debug_macro   0x000000000001292d      0x194 Core/Src/stm32f1xx_hal_msp.o
 .debug_macro   0x0000000000012ac1      0x19e Core/Src/stm32f1xx_it.o
 .debug_macro   0x0000000000012c5f      0x18b Core/Src/system_stm32f1xx.o
 .debug_macro   0x0000000000012dea      0x1a9 Drivers/STM32F1xx_HAL_Driver/Src/stm32f1xx_hal.o
 .debug_macro   0x0000000000012f93      0x185 Drivers/STM32F1xx_HAL_Driver/Src/stm32f1xx_hal_cortex.o
 .debug_macro   0x0000000000013118      0x1f0 Drivers/STM32F1xx_HAL_Driver/Src/stm32f1xx_hal_gpio.o
 .debug_macro   0x0000000000013308      0x1c5 Drivers/STM32F1xx_HAL_Driver/Src/stm32f1xx_hal_i2c.o
 .debug_macro   0x00000000000134cd      0x197 Drivers/STM32F1xx_HAL_Driver/Src/stm32f1xx_hal_rcc.o

.debug_line     0x0000000000000000     0x6171
 .debug_line    0x0000000000000000      0x79f Core/Src/main.o
 .debug_line    0x000000000000079f      0xa8f Core/Src/ssd1306.o
 .debug_line    0x000000000000122e      0x633 Core/Src/stm32f1xx_hal_msp.o
 .debug_line    0x0000000000001861      0x6a8 Core/Src/stm32f1xx_it.o
 .debug_line    0x0000000000001f09      0x635 Core/Src/system_stm32f1xx.o
 .debug_line    0x000000000000253e       0x84 Core/Startup/startup_stm32f103c8tx.o
 .debug_line    0x00000000000025c2      0x7dd Drivers/STM32F1xx_HAL_Driver/Src/stm32f1xx_hal.o
 .debug_line    0x0000000000002d9f      0x8b6 Drivers/STM32F1xx_HAL_Driver/Src/stm32f1xx_hal_cortex.o
 .debug_line    0x0000000000003655      0x7dd Drivers/STM32F1xx_HAL_Driver/Src/stm32f1xx_hal_gpio.o
 .debug_line    0x0000000000003e32     0x1aa0 Drivers/STM32F1xx_HAL_Driver/Src/stm32f1xx_hal_i2c.o
 .debug_line    0x00000000000058d2      0x89f Drivers/STM32F1xx_HAL_Driver/Src/stm32f1xx_hal_rcc.o

.debug_str      0x0000000000000000    0x6a20d
 .debug_str     0x0000000000000000    0x64d21 Core/Src/main.o
                                      0x6504b (size before relaxing)
 .debug_str     0x0000000000064d21     0x38dd Core/Src/ssd1306.o
                                      0x687c1 (size before relaxing)
 .debug_str     0x00000000000685fe       0x81 Core/Src/stm32f1xx_hal_msp.o
                                      0x64a16 (size before relaxing)
 .debug_str     0x000000000006867f       0xbd Core/Src/stm32f1xx_it.o
                                      0x6454b (size before relaxing)
 .debug_str     0x000000000006873c       0xc2 Core/Src/system_stm32f1xx.o
                                      0x6456d (size before relaxing)
 .debug_str     0x00000000000687fe       0x36 Core/Startup/startup_stm32f103c8tx.o
                                         0x6d (size before relaxing)
 .debug_str     0x0000000000068834      0x629 Drivers/STM32F1xx_HAL_Driver/Src/stm32f1xx_hal.o
                                      0x64b7e (size before relaxing)
 .debug_str     0x0000000000068e5d      0x2c8 Drivers/STM32F1xx_HAL_Driver/Src/stm32f1xx_hal_cortex.o
                                      0x64b8c (size before relaxing)
 .debug_str     0x0000000000069125      0x324 Drivers/STM32F1xx_HAL_Driver/Src/stm32f1xx_hal_gpio.o
                                      0x648b7 (size before relaxing)
 .debug_str     0x0000000000069449      0xb6c Drivers/STM32F1xx_HAL_Driver/Src/stm32f1xx_hal_i2c.o
                                      0x654e3 (size before relaxing)
 .debug_str     0x0000000000069fb5      0x258 Drivers/STM32F1xx_HAL_Driver/Src/stm32f1xx_hal_rcc.o
                                      0x648f0 (size before relaxing)

.comment        0x0000000000000000       0x7b
 .comment       0x0000000000000000       0x7b Core/Src/main.o
                                         0x7c (size before relaxing)
 .comment       0x000000000000007b       0x7c Core/Src/ssd1306.o
 .comment       0x000000000000007b       0x7c Core/Src/stm32f1xx_hal_msp.o
 .comment       0x000000000000007b       0x7c Core/Src/stm32f1xx_it.o
 .comment       0x000000000000007b       0x7c Core/Src/system_stm32f1xx.o
 .comment       0x000000000000007b       0x7c Drivers/STM32F1xx_HAL_Driver/Src/stm32f1xx_hal.o
 .comment       0x000000000000007b       0x7c Drivers/STM32F1xx_HAL_Driver/Src/stm32f1xx_hal_cortex.o
 .comment       0x000000000000007b       0x7c Drivers/STM32F1xx_HAL_Driver/Src/stm32f1xx_hal_gpio.o
 .comment       0x000000000000007b       0x7c Drivers/STM32F1xx_HAL_Driver/Src/stm32f1xx_hal_i2c.o
 .comment       0x000000000000007b       0x7c Drivers/STM32F1xx_HAL_Driver/Src/stm32f1xx_hal_rcc.o

.debug_frame    0x0000000000000000     0x1cd0
 .debug_frame   0x0000000000000000       0xb0 Core/Src/main.o
 .debug_frame   0x00000000000000b0      0x324 Core/Src/ssd1306.o
 .debug_frame   0x00000000000003d4       0x80 Core/Src/stm32f1xx_hal_msp.o
 .debug_frame   0x0000000000000454      0x10c Core/Src/stm32f1xx_it.o
 .debug_frame   0x0000000000000560       0x58 Core/Src/system_stm32f1xx.o
 .debug_frame   0x00000000000005b8      0x334 Drivers/STM32F1xx_HAL_Driver/Src/stm32f1xx_hal.o
 .debug_frame   0x00000000000008ec      0x428 Drivers/STM32F1xx_HAL_Driver/Src/stm32f1xx_hal_cortex.o
 .debug_frame   0x0000000000000d14      0x14c Drivers/STM32F1xx_HAL_Driver/Src/stm32f1xx_hal_gpio.o
 .debug_frame   0x0000000000000e60      0xc08 Drivers/STM32F1xx_HAL_Driver/Src/stm32f1xx_hal_i2c.o
 .debug_frame   0x0000000000001a68      0x21c Drivers/STM32F1xx_HAL_Driver/Src/stm32f1xx_hal_rcc.o
 .debug_frame   0x0000000000001c84       0x2c c:/st/stm32cubeide_1.3.0/stm32cubeide/plugins/com.st.stm32cube.ide.mcu.externaltools.gnu-tools-for-stm32.7-2018-q2-update.win32_1.4.0.202007081208/tools/bin/../lib/gcc/arm-none-eabi/7.3.1/../../../../arm-none-eabi/lib/thumb/v7-m\libc_nano.a(lib_a-init.o)
 .debug_frame   0x0000000000001cb0       0x20 c:/st/stm32cubeide_1.3.0/stm32cubeide/plugins/com.st.stm32cube.ide.mcu.externaltools.gnu-tools-for-stm32.7-2018-q2-update.win32_1.4.0.202007081208/tools/bin/../lib/gcc/arm-none-eabi/7.3.1/../../../../arm-none-eabi/lib/thumb/v7-m\libc_nano.a(lib_a-memset.o)
